// Jest Snapshot v1, https://goo.gl/fbAQLP

exports[`getCalculatedMeasures returns the parsed calculated measure objects 1`] = `
[
  {
    "expression": "IIf(IsEmpty(([Currency].[Currency].[ALL].[AllMember], [Measures].[pnl.FOREX])), null, [Measures].[pnl.FOREX] / ([Currency].[Currency].[ALL].[AllMember], [Measures].[pnl.FOREX]))",
    "formatStringExpression": ""#,###.##%"",
    "owners": [
      "admin",
    ],
    "readers": [
      "admin",
    ],
    "uniqueName": "[Measures].[second calculated measure]",
  },
  {
    "expression": "Count(Descendants([CounterParty].[CounterParty].CurrentMember, [CounterParty].[CounterParty].[CounterPartyGroup]), EXCLUDEEMPTY)",
    "formatStringExpression": ""#,###.##"",
    "owners": [
      "admin",
    ],
    "readers": [
      "admin",
    ],
    "uniqueName": "[Measures].[first calculated measure]",
  },
]
`;
